{
  "receivers": [
    "admin@gmail.com"
  ],
  "report_type": "OVERVIEW",
  "customer": "TEST_CUSTOMER",
  "from": "2024-11-20T15:41:54.676916Z",
  "to": "2024-11-27T15:41:54.676916Z",
  "outdated_tenants": [],
  "externalData": false,
  "data": {
    "AWS": {
      "failed_scans": {
        "value": 1
      },
      "last_scan_date": "2024-11-26T00:09:20.824013Z",
      "resources_violated": {
        "value": 23
      },
      "resource_types_data": {
        "Security Group": {
          "value": 3
        },
        "Cloudtrail": {
          "value": 1
        },
        "Sns": {
          "value": 3
        },
        "S3": {
          "value": 7
        },
        "Iam Group": {
          "value": 3
        },
        "Ebs": {
          "value": 2
        },
        "Ec2": {
          "value": 2
        },
        "Ecr": {
          "value": 2
        }
      },
      "severity_data": {
        "Unknown": {
          "value": 23
        }
      },
      "succeeded_scans": {
        "value": 2
      },
      "total_scanned_tenants": 1,
      "total_scans": {
        "value": 3
      },
      "activated": false,
      "license_properties": {}
    },
    "AZURE": {
      "failed_scans": {
        "value": 1
      },
      "last_scan_date": "2024-11-26T00:09:20.824013Z",
      "resources_violated": {
        "value": 5
      },
      "resource_types_data": {
        "Defender Pricing": {
          "value": 5
        }
      },
      "severity_data": {
        "Unknown": {
          "value": 5
        }
      },
      "succeeded_scans": {
        "value": 2
      },
      "total_scanned_tenants": 1,
      "total_scans": {
        "value": 3
      },
      "activated": false,
      "license_properties": {}
    },
    "GOOGLE": {
      "failed_scans": {
        "value": 1
      },
      "last_scan_date": "2024-11-26T00:09:20.824013Z",
      "resources_violated": {
        "value": 5
      },
      "resource_types_data": {
        "Vpc": {
          "value": 1
        },
        "Firewall": {
          "value": 4
        },
        "Subnet": {
          "value": 1
        }
      },
      "severity_data": {
        "Unknown": {
          "value": 5
        }
      },
      "succeeded_scans": {
        "value": 2
      },
      "total_scanned_tenants": 1,
      "total_scans": {
        "value": 3
      },
      "activated": false,
      "license_properties": {}
    }
  }
}