{
  "id": "123456789012",
  "last_scan_date": "2025-01-07T00:23:24.928732Z",
  "activated_regions": [
    "eu-central-1",
    "eu-north-1",
    "eu-west-1",
    "eu-west-3"
  ],
  "data": {
    "total": {
      "Standard1 v1.0.0": 0.5,
      "Standard1 v2.0.0": 0.25,
      "Standard2": 0.125
    }
  }
}