{
  "id": "123456789012",
  "outdated_tenants": [],
  "data": {
    "Compute": [
      {
        "rule": "Description for ecc-aws-070-unused_ec2_security_groups",
        "service": "Security Group",
        "category": "Unused Resources",
        "severity": "Unknown",
        "resource_type": "Security Group",
        "resources": {
          "eu-central-1": [
            {
              "id": "sg-05209ceeb761317e5",
              "name": "west-eu"
            },
            {
              "id": "sg-0ae266faddaef17e9",
              "name": "packer-ssh-access"
            },
            {
              "id": "sg-09d19538187df66cf",
              "name": "asia"
            }
          ]
        }
      }
    ]
  },
  "last_scan_date": "2025-02-04T00:15:05.088388Z",
  "activated_regions": [
    "eu-central-1",
    "eu-north-1",
    "eu-west-1",
    "eu-west-3"
  ]
}
