{
  "id": "testing-project-123",
  "data": [
    {
      "policy": "ecc-gcp-025-no_default_network",
      "resource_type": "Vpc",
      "description": "Description for ecc-gcp-025-no_default_network",
      "severity": "Unknown",
      "resources": {
        "global": [
          {
            "id": "877139587449282054",
            "name": "default"
          }
        ]
      }
    },
    {
      "policy": "ecc-gcp-272-firewall_logging_enabled",
      "resource_type": "Firewall",
      "description": "Description for ecc-gcp-272-firewall_logging_enabled",
      "severity": "Unknown",
      "resources": {
        "global": [
          {
            "id": "1227136820292673506",
            "name": "default-allow-icmp"
          },
          {
            "id": "3339756659677913058",
            "name": "default-allow-internal"
          },
          {
            "id": "2342562096469303266",
            "name": "default-allow-rdp"
          },
          {
            "id": "2007825320515264482",
            "name": "default-allow-ssh"
          }
        ]
      }
    },
    {
      "policy": "ecc-gcp-109-prevent_allow_all_ingress",
      "resource_type": "Firewall",
      "description": "Description for ecc-gcp-109-prevent_allow_all_ingress",
      "severity": "Unknown",
      "resources": {
        "global": [
          {
            "id": "3339756659677913058",
            "name": "default-allow-internal"
          }
        ]
      }
    },
    {
      "policy": "ecc-gcp-104-default_firewall_rule_in_use",
      "resource_type": "Firewall",
      "description": "Description for ecc-gcp-104-default_firewall_rule_in_use",
      "severity": "Unknown",
      "resources": {
        "global": [
          {
            "id": "1227136820292673506",
            "name": "default-allow-icmp"
          },
          {
            "id": "3339756659677913058",
            "name": "default-allow-internal"
          },
          {
            "id": "2342562096469303266",
            "name": "default-allow-rdp"
          },
          {
            "id": "2007825320515264482",
            "name": "default-allow-ssh"
          }
        ]
      }
    },
    {
      "policy": "ecc-gcp-033-vpc_flow_logs_for_every_subnet",
      "resource_type": "Subnet",
      "description": "Description for ecc-gcp-033-vpc_flow_logs_for_every_subnet",
      "severity": "Unknown",
      "resources": {
        "global": [
          {
            "id": "2708525157271002654",
            "name": "default"
          },
          {
            "id": "80118305852546590",
            "name": "default"
          },
          {
            "id": "3115367106910640951",
            "name": "default"
          },
          {
            "id": "816596276746100793",
            "name": "default"
          }
        ]
      }
    }
  ],
  "last_scan_date": "2025-01-23T00:39:25.574884Z",
  "activated_regions": []
}