{
  "overview": {
    "total_scans": 3,
    "failed_scans": 1,
    "succeeded_scans": 2,
    "resources_violated": 23,
    "regions_data": {
      "eu-central-1": {
        "severity_data": {
          "Unknown": 7
        }
      },
      "global": {
        "severity_data": {
          "Unknown": 4
        }
      },
      "eu-north-1": {
        "severity_data": {
          "Unknown": 1
        }
      },
      "eu-west-1": {
        "severity_data": {
          "Unknown": 10
        }
      },
      "eu-west-3": {
        "severity_data": {
          "Unknown": 1
        }
      }
    }
  },
  "customer": "TEST_CUSTOMER",
  "tenant_name": "AWS-TESTING",
  "id": "123456789012",
  "cloud": "aws",
  "activated_regions": [
    "eu-central-1",
    "eu-north-1",
    "eu-west-1",
    "eu-west-3"
  ],
  "from": "2024-11-03T00:00:00Z",
  "to": "2024-11-10T00:00:00Z",
  "outdated_tenants": {},
  "last_scan_date": "2024-11-04T00:00:00Z",
  "compliance": {
    "regions_data": [
      {
        "region": "eu-central-1",
        "standards_data": []
      },
      {
        "region": "eu-west-1",
        "standards_data": []
      },
      {
        "region": "eu-north-1",
        "standards_data": []
      },
      {
        "region": "eu-west-3",
        "standards_data": []
      }
    ],
    "average_data": []
  },
  "resources": [
    {
      "policy": "ecc-aws-070-unused_ec2_security_groups",
      "resource_type": "Security-group",
      "description": "Description for ecc-aws-070-unused_ec2_security_groups",
      "severity": "Unknown",
      "regions_data": {
        "eu-central-1": {
          "resources": [
            {
              "id": "sg-05209ceeb761317e5",
              "name": "west-eu"
            },
            {
              "id": "sg-09d19538187df66cf",
              "name": "asia"
            },
            {
              "id": "sg-0ae266faddaef17e9",
              "name": "packer-ssh-access"
            }
          ]
        }
      }
    },
    {
      "policy": "ecc-aws-374-cloudtrail_logs_data_events",
      "resource_type": "Cloudtrail",
      "description": "Description for ecc-aws-374-cloudtrail_logs_data_events",
      "severity": "Unknown",
      "regions_data": {
        "global": {
          "resources": [
            {
              "id": "arn:aws:cloudtrail:eu-central-1:111111111111:trail/testing-org",
              "name": "testing-org",
              "arn": "arn:aws:cloudtrail:eu-central-1:111111111111:trail/testing-org"
            }
          ]
        }
      }
    },
    {
      "policy": "ecc-aws-221-sns_kms_encryption_enabled",
      "resource_type": "Sns",
      "description": "Description for ecc-aws-221-sns_kms_encryption_enabled",
      "severity": "Unknown",
      "regions_data": {
        "eu-central-1": {
          "resources": [
            {
              "id": "arn:aws:sns:eu-central-1:123456789012:dead",
              "name": "9cd23c4a-9970-4adf-97f9-9d74fb5f9673"
            },
            {
              "id": "arn:aws:sns:eu-central-1:123456789012:m3-inspector-topic",
              "name": "9cd23c4a-9970-4adf-97f9-9d74fb5f9673"
            },
            {
              "id": "arn:aws:sns:eu-central-1:123456789012:testing-guard-duty-topic",
              "name": "9cd23c4a-9970-4adf-97f9-9d74fb5f9673"
            }
          ]
        }
      }
    },
    {
      "policy": "ecc-aws-112-s3_bucket_versioning_mfa_delete_enabled",
      "resource_type": "S3",
      "description": "Description for ecc-aws-112-s3_bucket_versioning_mfa_delete_enabled",
      "severity": "Unknown",
      "regions_data": {
        "eu-central-1": {
          "resources": [
            {
              "id": "example-artifacts",
              "name": "example-artifacts"
            }
          ]
        },
        "eu-north-1": {
          "resources": [
            {
              "id": "macro-delivery",
              "name": "macro-delivery"
            }
          ]
        },
        "eu-west-1": {
          "resources": [
            {
              "id": "appcomposer-4bzknnwy0n3wuuhd-eu-west-1",
              "name": "appcomposer-4bzknnwy0n3wuuhd-eu-west-1"
            },
            {
              "id": "example-reports-dev",
              "name": "example-reports-dev"
            },
            {
              "id": "example-rulesets-dev",
              "name": "example-rulesets-dev"
            }
          ]
        },
        "eu-west-3": {
          "resources": [
            {
              "id": "example-meta-storage-eu-west-3-par",
              "name": "example-meta-storage-eu-west-3-par"
            }
          ]
        }
      }
    },
    {
      "policy": "ecc-aws-499-iam_group_has_users_check",
      "resource_type": "Iam-group",
      "description": "Description for ecc-aws-499-iam_group_has_users_check",
      "severity": "Unknown",
      "regions_data": {
        "global": {
          "resources": [
            {
              "id": "example-dev-group",
              "name": "example-dev-group",
              "arn": "arn:aws:iam::123456789012:group/example-dev-group"
            },
            {
              "id": "example-dev-extended-group",
              "name": "example-dev-extended-group",
              "arn": "arn:aws:iam::123456789012:group/example-dev-extended-group"
            },
            {
              "id": "DeployGroupWithoutIAM",
              "name": "DeployGroupWithoutIAM",
              "arn": "arn:aws:iam::123456789012:group/DeployGroupWithoutIAM"
            }
          ]
        }
      }
    },
    {
      "policy": "ecc-aws-516-s3_event_notifications_enabled",
      "resource_type": "S3",
      "description": "Description for ecc-aws-516-s3_event_notifications_enabled",
      "severity": "Unknown",
      "regions_data": {
        "eu-central-1": {
          "resources": [
            {
              "id": "example-artifacts",
              "name": "example-artifacts"
            }
          ]
        },
        "eu-west-1": {
          "resources": [
            {
              "id": "appcomposer-4bzknnwy0n3wuuhd-eu-west-1",
              "name": "appcomposer-4bzknnwy0n3wuuhd-eu-west-1"
            },
            {
              "id": "example-reports-dev",
              "name": "example-reports-dev"
            },
            {
              "id": "example-meta-storage-eu-west-1-tmp",
              "name": "example-meta-storage-eu-west-1-tmp"
            }
          ]
        }
      }
    },
    {
      "policy": "ecc-aws-575-ebs_volumes_attached_to_stopped_ec2_instances",
      "resource_type": "Ebs",
      "description": "Description for ecc-aws-575-ebs_volumes_attached_to_stopped_ec2_instances",
      "severity": "Unknown",
      "regions_data": {
        "eu-west-1": {
          "resources": [
            {
              "id": "vol-080f1194e8b86e0a7",
              "name": "vol-080f1194e8b86e0a7"
            },
            {
              "id": "vol-060f342d89d8bb757",
              "name": "vol-060f342d89d8bb757"
            }
          ]
        }
      }
    },
    {
      "policy": "ecc-aws-490-ec2_token_hop_limit_check",
      "resource_type": "Ec2",
      "description": "Description for ecc-aws-490-ec2_token_hop_limit_check",
      "severity": "Unknown",
      "regions_data": {
        "eu-west-1": {
          "resources": [
            {
              "id": "i-0580697d712fb5b56",
              "name": "9cd23c4a-9970-4adf-97f9-9d74fb5f9673"
            },
            {
              "id": "i-0771a4eb028bda937",
              "name": "9cd23c4a-9970-4adf-97f9-9d74fb5f9673"
            }
          ]
        }
      }
    },
    {
      "policy": "ecc-aws-229-ecr_repository_kms_encryption_enabled",
      "resource_type": "Ecr",
      "description": "Description for ecc-aws-229-ecr_repository_kms_encryption_enabled",
      "severity": "Unknown",
      "regions_data": {
        "eu-west-1": {
          "resources": [
            {
              "id": "example-developer-test",
              "name": "example-developer-test",
              "arn": "arn:aws:ecr:eu-west-1:123456789012:repository/example-developer-test"
            },
            {
              "id": "application-dev",
              "name": "application-dev",
              "arn": "arn:aws:ecr:eu-west-1:123456789012:repository/application-dev"
            }
          ]
        }
      }
    }
  ],
  "attack_vector": [],
  "rule": {
    "rules_data": [
      {
        "policy": "ecc-aws-427-rds_cluster_without_tag_information",
        "region": "eu-west-1",
        "invocations": 1,
        "succeeded_invocations": 0,
        "failed_invocations": 1,
        "total_api_calls": {},
        "min_exec": 0.007827043533325195,
        "max_exec": 0.007827043533325195,
        "total_exec": 0.007827043533325195,
        "average_exec": 0.007827043533325195,
        "resources_failed": 0,
        "resources_scanned": 0,
        "average_resources_scanned": 0,
        "average_resources_failed": 0
      },
      {
        "policy": "ecc-aws-149-rds_public_access_disabled",
        "region": "eu-west-1",
        "invocations": 1,
        "succeeded_invocations": 1,
        "failed_invocations": 0,
        "total_api_calls": {},
        "min_exec": 0.009357213973999023,
        "max_exec": 0.009357213973999023,
        "total_exec": 0.009357213973999023,
        "average_exec": 0.009357213973999023,
        "resources_failed": 0,
        "resources_scanned": 0,
        "average_resources_scanned": 0,
        "average_resources_failed": 0
      },
      {
        "policy": "ecc-aws-167-security_group_ingress_is_restricted_traffic_to_port_143",
        "region": "eu-west-1",
        "invocations": 1,
        "succeeded_invocations": 1,
        "failed_invocations": 0,
        "total_api_calls": {},
        "min_exec": 0.0016508102416992188,
        "max_exec": 0.0016508102416992188,
        "total_exec": 0.0016508102416992188,
        "average_exec": 0.0016508102416992188,
        "resources_failed": 0,
        "resources_scanned": 0,
        "average_resources_scanned": 0,
        "average_resources_failed": 0
      },
      {
        "policy": "ecc-aws-575-ebs_volumes_attached_to_stopped_ec2_instances",
        "region": "eu-west-1",
        "invocations": 1,
        "succeeded_invocations": 1,
        "failed_invocations": 0,
        "total_api_calls": {
          "ec2.DescribeInstances": 1
        },
        "min_exec": 0.7234878540039062,
        "max_exec": 0.7234878540039062,
        "total_exec": 0.7234878540039062,
        "average_exec": 0.7234878540039062,
        "resources_failed": 2,
        "resources_scanned": 0,
        "average_resources_scanned": 0,
        "average_resources_failed": 2
      },
      {
        "policy": "ecc-aws-490-ec2_token_hop_limit_check",
        "region": "eu-west-1",
        "invocations": 1,
        "succeeded_invocations": 1,
        "failed_invocations": 0,
        "total_api_calls": {},
        "min_exec": 0.002150297164916992,
        "max_exec": 0.002150297164916992,
        "total_exec": 0.002150297164916992,
        "average_exec": 0.002150297164916992,
        "resources_failed": 2,
        "resources_scanned": 0,
        "average_resources_scanned": 0,
        "average_resources_failed": 2
      },
      {
        "policy": "ecc-aws-229-ecr_repository_kms_encryption_enabled",
        "region": "eu-west-1",
        "invocations": 1,
        "succeeded_invocations": 1,
        "failed_invocations": 0,
        "total_api_calls": {},
        "min_exec": 0.003831624984741211,
        "max_exec": 0.003831624984741211,
        "total_exec": 0.003831624984741211,
        "average_exec": 0.003831624984741211,
        "resources_failed": 2,
        "resources_scanned": 0,
        "average_resources_scanned": 0,
        "average_resources_failed": 2
      },
      {
        "policy": "ecc-aws-374-cloudtrail_logs_data_events",
        "region": "eu-west-1",
        "invocations": 1,
        "succeeded_invocations": 1,
        "failed_invocations": 0,
        "total_api_calls": {
          "cloudtrail.GetEventSelectors": 1
        },
        "min_exec": 0.2736930847167969,
        "max_exec": 0.2736930847167969,
        "total_exec": 0.2736930847167969,
        "average_exec": 0.2736930847167969,
        "resources_failed": 1,
        "resources_scanned": 0,
        "average_resources_scanned": 0,
        "average_resources_failed": 1
      },
      {
        "policy": "ecc-aws-150-api_gateway_rest_api_encryption_at_rest",
        "region": "eu-central-1",
        "invocations": 1,
        "succeeded_invocations": 1,
        "failed_invocations": 0,
        "total_api_calls": {
          "apigateway.GetStages": 1
        },
        "min_exec": 0.2259540557861328,
        "max_exec": 0.2259540557861328,
        "total_exec": 0.2259540557861328,
        "average_exec": 0.2259540557861328,
        "resources_failed": 0,
        "resources_scanned": 0,
        "average_resources_scanned": 0,
        "average_resources_failed": 0
      },
      {
        "policy": "ecc-aws-070-unused_ec2_security_groups",
        "region": "eu-central-1",
        "invocations": 1,
        "succeeded_invocations": 1,
        "failed_invocations": 0,
        "total_api_calls": {
          "ec2.DescribeNetworkInterfaces": 1,
          "lambda.ListFunctions": 1,
          "autoscaling.DescribeLaunchConfigurations": 1,
          "events.ListRules": 1,
          "events.ListTargetsByRule": 22,
          "codebuild.ListProjects": 1,
          "codebuild.BatchGetProjects": 1,
          "tagging.GetResources": 1,
          "batch.DescribeComputeEnvironments": 1,
          "ec2.DescribeSecurityGroupReferences": 1
        },
        "min_exec": 5.469567060470581,
        "max_exec": 5.469567060470581,
        "total_exec": 5.469567060470581,
        "average_exec": 5.469567060470581,
        "resources_failed": 3,
        "resources_scanned": 0,
        "average_resources_scanned": 0,
        "average_resources_failed": 3
      },
      {
        "policy": "ecc-aws-374-cloudtrail_logs_data_events",
        "region": "eu-central-1",
        "invocations": 1,
        "succeeded_invocations": 1,
        "failed_invocations": 0,
        "total_api_calls": {
          "cloudtrail.GetEventSelectors": 1
        },
        "min_exec": 0.22687506675720215,
        "max_exec": 0.22687506675720215,
        "total_exec": 0.22687506675720215,
        "average_exec": 0.22687506675720215,
        "resources_failed": 1,
        "resources_scanned": 0,
        "average_resources_scanned": 0,
        "average_resources_failed": 1
      },
      {
        "policy": "ecc-aws-221-sns_kms_encryption_enabled",
        "region": "eu-central-1",
        "invocations": 1,
        "succeeded_invocations": 1,
        "failed_invocations": 0,
        "total_api_calls": {
          "sns.ListTopics": 1,
          "sns.GetTopicAttributes": 7,
          "tagging.GetResources": 1
        },
        "min_exec": 1.1864230632781982,
        "max_exec": 1.1864230632781982,
        "total_exec": 1.1864230632781982,
        "average_exec": 1.1864230632781982,
        "resources_failed": 3,
        "resources_scanned": 0,
        "average_resources_scanned": 0,
        "average_resources_failed": 3
      },
      {
        "policy": "ecc-aws-112-s3_bucket_versioning_mfa_delete_enabled",
        "region": "global",
        "invocations": 1,
        "succeeded_invocations": 1,
        "failed_invocations": 0,
        "total_api_calls": {},
        "min_exec": 0.0072710514068603516,
        "max_exec": 0.0072710514068603516,
        "total_exec": 0.0072710514068603516,
        "average_exec": 0.0072710514068603516,
        "resources_failed": 6,
        "resources_scanned": 0,
        "average_resources_scanned": 0,
        "average_resources_failed": 6
      },
      {
        "policy": "ecc-aws-499-iam_group_has_users_check",
        "region": "global",
        "invocations": 1,
        "succeeded_invocations": 1,
        "failed_invocations": 0,
        "total_api_calls": {
          "iam.GetGroup": 9
        },
        "min_exec": 2.197046995162964,
        "max_exec": 2.197046995162964,
        "total_exec": 2.197046995162964,
        "average_exec": 2.197046995162964,
        "resources_failed": 3,
        "resources_scanned": 0,
        "average_resources_scanned": 0,
        "average_resources_failed": 3
      },
      {
        "policy": "ecc-aws-516-s3_event_notifications_enabled",
        "region": "global",
        "invocations": 1,
        "succeeded_invocations": 1,
        "failed_invocations": 0,
        "total_api_calls": {},
        "min_exec": 0.008702993392944336,
        "max_exec": 0.008702993392944336,
        "total_exec": 0.008702993392944336,
        "average_exec": 0.008702993392944336,
        "resources_failed": 4,
        "resources_scanned": 0,
        "average_resources_scanned": 0,
        "average_resources_failed": 4
      },
      {
        "policy": "ecc-aws-527-waf_global_webacl_not_empty",
        "region": "global",
        "invocations": 1,
        "succeeded_invocations": 0,
        "failed_invocations": 1,
        "total_api_calls": {},
        "min_exec": 0.0009899139404296875,
        "max_exec": 0.0009899139404296875,
        "total_exec": 0.0009899139404296875,
        "average_exec": 0.0009899139404296875,
        "resources_failed": 0,
        "resources_scanned": 0,
        "average_resources_scanned": 0,
        "average_resources_failed": 0
      }
    ],
    "violated_resources_length": 23
  },
  "finops": [],
  "kubernetes": {}
}