{
  "overview": {
    "total_scans": 3,
    "failed_scans": 1,
    "succeeded_scans": 2,
    "resources_violated": 5,
    "regions_data": {
      "global": {
        "severity_data": {
          "null": 5
        }
      }
    }
  },
  "customer": "TEST_CUSTOMER",
  "tenant_name": "AZURE-TESTING",
  "id": "3d615fa8-05c6-47ea-990d-9d162testing",
  "cloud": "azure",
  "activated_regions": [],
  "from": "2024-11-03",
  "to": "2024-11-04T16:11:20.888190",
  "outdated_tenants": {},
  "last_scan_date": "2024-11-03T15:00:00Z",
  "compliance": {
    "regions_data": [
      {
        "region": "global",
        "standards_data": []
      }
    ],
    "average_data": []
  },
  "resources": [
    {
      "policy": "ecc-azure-310-asb_defender_open_source_rds",
      "resource_type": null,
      "description": "Description for ecc-azure-310-asb_defender_open_source_rds",
      "severity": null,
      "regions_data": {
        "global": {
          "resources": [
            {
              "id": "/subscriptions/3d615fa8-05c6-47ea-990d-9d162testing/providers/Microsoft.Security/pricings/OpenSourceRelationalDatabases",
              "name": "OpenSourceRelationalDatabases"
            }
          ]
        }
      }
    },
    {
      "policy": "ecc-azure-096-cis_sec_defender_azure_sql",
      "resource_type": null,
      "description": "Description for ecc-azure-096-cis_sec_defender_azure_sql",
      "severity": null,
      "regions_data": {
        "global": {
          "resources": [
            {
              "id": "/subscriptions/3d615fa8-05c6-47ea-990d-9d162testing/providers/Microsoft.Security/pricings/SqlServers",
              "name": "SqlServers"
            }
          ]
        }
      }
    },
    {
      "policy": "ecc-azure-376-cis_defender_cosmodb",
      "resource_type": null,
      "description": "Description for ecc-azure-376-cis_defender_cosmodb",
      "severity": null,
      "regions_data": {
        "global": {
          "resources": [
            {
              "id": "/subscriptions/3d615fa8-05c6-47ea-990d-9d162testing/providers/Microsoft.Security/pricings/CosmosDbs",
              "name": "CosmosDbs"
            }
          ]
        }
      }
    },
    {
      "policy": "ecc-azure-099-cis_sec_defender_aks",
      "resource_type": null,
      "description": "Description for ecc-azure-099-cis_sec_defender_aks",
      "severity": null,
      "regions_data": {
        "global": {
          "resources": [
            {
              "id": "/subscriptions/3d615fa8-05c6-47ea-990d-9d162testing/providers/Microsoft.Security/pricings/KubernetesService",
              "name": "KubernetesService"
            }
          ]
        }
      }
    },
    {
      "policy": "ecc-azure-213-asb_lt_defender_dns",
      "resource_type": null,
      "description": "Description for ecc-azure-213-asb_lt_defender_dns",
      "severity": null,
      "regions_data": {
        "global": {
          "resources": [
            {
              "id": "/subscriptions/3d615fa8-05c6-47ea-990d-9d162testing/providers/Microsoft.Security/pricings/Dns",
              "name": "Dns"
            }
          ]
        }
      }
    }
  ],
  "attack_vector": [],
  "rule": {
    "rules_data": [
      {
        "policy": "ecc-azure-347-mysql_cmk",
        "region": "global",
        "invocations": 1,
        "succeeded_invocations": 1,
        "failed_invocations": 0,
        "total_api_calls": {},
        "min_exec": 0.004894256591796875,
        "max_exec": 0.004894256591796875,
        "total_exec": 0.004894256591796875,
        "average_exec": 0.004894256591796875,
        "resources_failed": 0,
        "resources_scanned": 0,
        "average_resources_scanned": 0,
        "average_resources_failed": 0
      },
      {
        "policy": "ecc-azure-109-cis_sa_logging_blob",
        "region": "global",
        "invocations": 1,
        "succeeded_invocations": 1,
        "failed_invocations": 0,
        "total_api_calls": {},
        "min_exec": 0.0004978179931640625,
        "max_exec": 0.0004978179931640625,
        "total_exec": 0.0004978179931640625,
        "average_exec": 0.0004978179931640625,
        "resources_failed": 0,
        "resources_scanned": 0,
        "average_resources_scanned": 0,
        "average_resources_failed": 0
      },
      {
        "policy": "ecc-azure-358-synapse_workspace_managed_vnet",
        "region": "global",
        "invocations": 1,
        "succeeded_invocations": 1,
        "failed_invocations": 0,
        "total_api_calls": {},
        "min_exec": 0.000698089599609375,
        "max_exec": 0.000698089599609375,
        "total_exec": 0.000698089599609375,
        "average_exec": 0.000698089599609375,
        "resources_failed": 0,
        "resources_scanned": 0,
        "average_resources_scanned": 0,
        "average_resources_failed": 0
      },
      {
        "policy": "ecc-azure-125-nsg_mysql",
        "region": "global",
        "invocations": 1,
        "succeeded_invocations": 0,
        "failed_invocations": 1,
        "total_api_calls": {},
        "min_exec": 0.0012412071228027344,
        "max_exec": 0.0012412071228027344,
        "total_exec": 0.0012412071228027344,
        "average_exec": 0.0012412071228027344,
        "resources_failed": 0,
        "resources_scanned": 0,
        "average_resources_scanned": 0,
        "average_resources_failed": 0
      },
      {
        "policy": "ecc-azure-313-cis_postgresql_log_min_messages",
        "region": "global",
        "invocations": 1,
        "succeeded_invocations": 0,
        "failed_invocations": 1,
        "total_api_calls": {},
        "min_exec": 0.0005691051483154297,
        "max_exec": 0.0005691051483154297,
        "total_exec": 0.0005691051483154297,
        "average_exec": 0.0005691051483154297,
        "resources_failed": 0,
        "resources_scanned": 0,
        "average_resources_scanned": 0,
        "average_resources_failed": 0
      },
      {
        "policy": "ecc-azure-310-asb_defender_open_source_rds",
        "region": "global",
        "invocations": 1,
        "succeeded_invocations": 1,
        "failed_invocations": 0,
        "total_api_calls": {},
        "min_exec": 0.0006470680236816406,
        "max_exec": 0.0006470680236816406,
        "total_exec": 0.0006470680236816406,
        "average_exec": 0.0006470680236816406,
        "resources_failed": 1,
        "resources_scanned": 0,
        "average_resources_scanned": 0,
        "average_resources_failed": 1
      },
      {
        "policy": "ecc-azure-096-cis_sec_defender_azure_sql",
        "region": "global",
        "invocations": 1,
        "succeeded_invocations": 1,
        "failed_invocations": 0,
        "total_api_calls": {},
        "min_exec": 0.0009801387786865234,
        "max_exec": 0.0009801387786865234,
        "total_exec": 0.0009801387786865234,
        "average_exec": 0.0009801387786865234,
        "resources_failed": 1,
        "resources_scanned": 0,
        "average_resources_scanned": 0,
        "average_resources_failed": 1
      },
      {
        "policy": "ecc-azure-376-cis_defender_cosmodb",
        "region": "global",
        "invocations": 1,
        "succeeded_invocations": 1,
        "failed_invocations": 0,
        "total_api_calls": {},
        "min_exec": 0.0006301403045654297,
        "max_exec": 0.0006301403045654297,
        "total_exec": 0.0006301403045654297,
        "average_exec": 0.0006301403045654297,
        "resources_failed": 1,
        "resources_scanned": 0,
        "average_resources_scanned": 0,
        "average_resources_failed": 1
      },
      {
        "policy": "ecc-azure-099-cis_sec_defender_aks",
        "region": "global",
        "invocations": 1,
        "succeeded_invocations": 1,
        "failed_invocations": 0,
        "total_api_calls": {},
        "min_exec": 0.0011489391326904297,
        "max_exec": 0.0011489391326904297,
        "total_exec": 0.0011489391326904297,
        "average_exec": 0.0011489391326904297,
        "resources_failed": 1,
        "resources_scanned": 0,
        "average_resources_scanned": 0,
        "average_resources_failed": 1
      },
      {
        "policy": "ecc-azure-213-asb_lt_defender_dns",
        "region": "global",
        "invocations": 1,
        "succeeded_invocations": 1,
        "failed_invocations": 0,
        "total_api_calls": {},
        "min_exec": 0.0008161067962646484,
        "max_exec": 0.0008161067962646484,
        "total_exec": 0.0008161067962646484,
        "average_exec": 0.0008161067962646484,
        "resources_failed": 1,
        "resources_scanned": 0,
        "average_resources_scanned": 0,
        "average_resources_failed": 1
      }
    ],
    "violated_resources_length": 5
  },
  "finops": [],
  "kubernetes": {}
}