{
  "receivers": [
    "admin@gmail.com"
  ],
  "report_type": "COMPLIANCE",
  "customer": "TEST_CUSTOMER",
  "from": "2024-12-31T15:28:39.809056Z",
  "to": "2025-01-07T15:28:39.809056Z",
  "outdated_tenants": [],
  "externalData": false,
  "data": {
    "average_data": [
      {
        "name": "Standard1 v1.0.0",
        "value": 50.0
      },
      {
        "name": "Standard1 v2.0.0",
        "value": 25.0
      },
      {
        "name": "Standard2",
        "value": 12.5
      }
    ],
    "regions_data": []
  },
  "tenant_name": "AWS-TESTING",
  "id": "123456789012",
  "cloud": "AWS",
  "activated_regions": [
    "eu-central-1",
    "eu-north-1",
    "eu-west-1",
    "eu-west-3"
  ],
  "last_scan_date": "2025-01-07T00:23:24.928732Z"
}